// Jest Snapshot v1, https://goo.gl/fbAQLP

exports[`Available should not have regressed 1`] = `""`;
