// Jest Snapshot v1, https://goo.gl/fbAQLP

exports[`List should not have regressed 1`] = `""`;
